
> Task :compileJava FAILED
gradlew.bat : C:\Users\Nazifa\supremeai\src\main\java\org\example\service\AIAcc
ountManager.java:47: error: constructor AIAccount in class AIAccount cannot be 
applied to given types;
At line:1 char:1
+ & ".\gradlew.bat" build -x test 2>&1 > build_output.txt; Select-Objec ...
+ ~~~~~~~~~~~~~~~~~~~~~~~~~~~~~~~~~~~~~~~~~~~~~~~~~~~~~~~
    + CategoryInfo          : NotSpecified: (C:\Users\Nazifa...to given types; 
   :String) [], RemoteException
    + FullyQualifiedErrorId : NativeCommandError
 
                AIAccount account = new AIAccount();
                                    ^
  required: String,String,String,String,String,double
  found:    no arguments
  reason: actual and formal argument lists differ in length
C:\Users\Nazifa\supremeai\src\main\java\org\example\service\AIAccountManager.ja
va:48: error: cannot find symbol
                account.setAccountId(key.toLowerCase());
                       ^
  symbol:   method setAccountId(String)
  location: variable account of type AIAccount
C:\Users\Nazifa\supremeai\src\main\java\org\example\service\AIAccountManager.ja
va:49: error: cannot find symbol
                account.setProvider(provider);
                       ^
  symbol:   method setProvider(String)
  location: variable account of type AIAccount
C:\Users\Nazifa\supremeai\src\main\java\org\example\service\AIAccountManager.ja
va:50: error: cannot find symbol
                account.setApiKey(value);
                       ^
  symbol:   method setApiKey(String)
  location: variable account of type AIAccount
C:\Users\Nazifa\supremeai\src\main\java\org\example\service\AIAccountManager.ja
va:51: error: cannot find symbol
                account.setActive(true);
                       ^
  symbol:   method setActive(boolean)
  location: variable account of type AIAccount
C:\Users\Nazifa\supremeai\src\main\java\org\example\service\AIAccountManager.ja
va:54: error: cannot find symbol
                account.setHealthScore(100);
                       ^
  symbol:   method setHealthScore(int)
  location: variable account of type AIAccount
C:\Users\Nazifa\supremeai\src\main\java\org\example\service\AIAccountManager.ja
va:55: error: cannot find symbol
                account.setBudgetLimit(10.0); // Default $10
                       ^
  symbol:   method setBudgetLimit(double)
  location: variable account of type AIAccount
C:\Users\Nazifa\supremeai\src\main\java\org\example\service\AIAccountManager.ja
va:56: error: cannot find symbol
                account.setMonthlyQuota(1000000); // Default 1M tokens
                       ^
  symbol:   method setMonthlyQuota(int)
  location: variable account of type AIAccount
C:\Users\Nazifa\supremeai\src\main\java\org\example\service\BudgetManager.java:
143: error: cannot find symbol
        List<AIAccount> fallback = accountManager.getFallbackChain(provider);
                                                 ^
  symbol:   method getFallbackChain(String)
  location: variable accountManager of type AIAccountManager
C:\Users\Nazifa\supremeai\src\main\java\org\example\service\BudgetManager.java:
172: error: cannot find symbol
            accountManager.checkAndUnblockAccounts();  // Auto-unblock after 
30 min
                          ^
  symbol:   method checkAndUnblockAccounts()
  location: variable accountManager of type AIAccountManager
C:\Users\Nazifa\supremeai\src\main\java\org\example\service\BudgetManager.java:
191: error: cannot find symbol
            pStatus.put("total_accounts", 
accountManager.getAccountCountForProvider(provider));
                                                        ^
  symbol:   method getAccountCountForProvider(String)
  location: variable accountManager of type AIAccountManager
C:\Users\Nazifa\supremeai\src\main\java\org\example\service\BudgetManager.java:
202: error: cannot find symbol
        status.put("total_accounts", accountManager.getTotalAccountCount());
                                                   ^
  symbol:   method getTotalAccountCount()
  location: variable accountManager of type AIAccountManager
Note: Some input files use unchecked or unsafe operations.
Note: Recompile with -Xlint:unchecked for details.
12 errors

[Incubating] Problems report is available at: file:///C:/Users/Nazifa/supremeai/build/reports/problems/problems-report.html

FAILURE: Build failed with an exception.

* What went wrong:
Execution failed for task ':compileJava'.
> Compilation failed; see the compiler output below.
  C:\Users\Nazifa\supremeai\src\main\java\org\example\service\AIAccountManager.
java:47: error: constructor AIAccount in class AIAccount cannot be applied to 
given types;
                  AIAccount account = new AIAccount();
                                      ^
    required: String,String,String,String,String,double
    found:    no arguments
    reason: actual and formal argument lists differ in length
  Note: Recompile with -Xlint:unchecked for details.
  Note: Some input files use unchecked or unsafe operations.
  C:\Users\Nazifa\supremeai\src\main\java\org\example\service\AIAccountManager.
java:48: error: cannot find symbol
                  account.setAccountId(key.toLowerCase());
                         ^
    symbol:   method setAccountId(String)
    location: variable account of type AIAccount
  C:\Users\Nazifa\supremeai\src\main\java\org\example\service\AIAccountManager.
java:49: error: cannot find symbol
                  account.setProvider(provider);
                         ^
    symbol:   method setProvider(String)
    location: variable account of type AIAccount
  C:\Users\Nazifa\supremeai\src\main\java\org\example\service\AIAccountManager.
java:50: error: cannot find symbol
                  account.setApiKey(value);
                         ^
    symbol:   method setApiKey(String)
    location: variable account of type AIAccount
  C:\Users\Nazifa\supremeai\src\main\java\org\example\service\AIAccountManager.
java:51: error: cannot find symbol
                  account.setActive(true);
                         ^
    symbol:   method setActive(boolean)
    location: variable account of type AIAccount
  C:\Users\Nazifa\supremeai\src\main\java\org\example\service\AIAccountManager.
java:54: error: cannot find symbol
                  account.setHealthScore(100);
                         ^
    symbol:   method setHealthScore(int)
    location: variable account of type AIAccount
  C:\Users\Nazifa\supremeai\src\main\java\org\example\service\AIAccountManager.
java:55: error: cannot find symbol
                  account.setBudgetLimit(10.0); // Default $10
                         ^
    symbol:   method setBudgetLimit(double)
    location: variable account of type AIAccount
  C:\Users\Nazifa\supremeai\src\main\java\org\example\service\AIAccountManager.
java:56: error: cannot find symbol
                  account.setMonthlyQuota(1000000); // Default 1M tokens
                         ^
    symbol:   method setMonthlyQuota(int)
    location: variable account of type AIAccount
  C:\Users\Nazifa\supremeai\src\main\java\org\example\service\BudgetManager.jav
a:143: error: cannot find symbol
          List<AIAccount> fallback = accountManager.getFallbackChain(provider);
                                                   ^
    symbol:   method getFallbackChain(String)
    location: variable accountManager of type AIAccountManager
  C:\Users\Nazifa\supremeai\src\main\java\org\example\service\BudgetManager.jav
a:172: error: cannot find symbol
              accountManager.checkAndUnblockAccounts();  // Auto-unblock after 
30 min
                            ^
    symbol:   method checkAndUnblockAccounts()
    location: variable accountManager of type AIAccountManager
  C:\Users\Nazifa\supremeai\src\main\java\org\example\service\BudgetManager.jav
a:191: error: cannot find symbol
              pStatus.put("total_accounts", 
accountManager.getAccountCountForProvider(provider));
                                                          ^
    symbol:   method getAccountCountForProvider(String)
    location: variable accountManager of type AIAccountManager
1 actionable task: 1 executed
  C:\Users\Nazifa\supremeai\src\main\java\org\example\service\BudgetManager.jav
a:202: error: cannot find symbol
          status.put("total_accounts", accountManager.getTotalAccountCount());
                                                     ^
    symbol:   method getTotalAccountCount()
    location: variable accountManager of type AIAccountManager
  12 errors

* Try:
> Check your code and dependencies to fix the compilation error(s)
> Run with --scan to get full insights from a Build Scan (powered by 
Develocity).

BUILD FAILED in 2s
