> Task :compileJava UP-TO-DATE
> Task :processResources UP-TO-DATE
> Task :classes UP-TO-DATE
> Task :compileTestJava UP-TO-DATE
> Task :processTestResources UP-TO-DATE
> Task :testClasses UP-TO-DATE
.\gradlew.bat : OpenJDK 64-Bit Server VM warning: Sharing is only supported 
for boot loader classes because bootstrap classpath has been appended
At line:1 char:1
+ .\gradlew.bat test 2>&1 > test_output.txt; Get-Content test_output.tx ...
+ ~~~~~~~~~~~~~~~~~~~~~~~~~~~~~~~~~~~~~~~~~
    + CategoryInfo          : NotSpecified: (OpenJDK 64-Bit ...s been appended 
   :String) [], RemoteException
    + FullyQualifiedErrorId : NativeCommandError
 

> Task :test

DataControllerTest > testGetStatsSuccess() FAILED
    java.lang.AssertionError at DataControllerTest.java:162

DataControllerTest > testGetGitHubDataSuccess() FAILED
    java.lang.AssertionError at DataControllerTest.java:77

DataControllerTest > testResponseFormatConsistency() FAILED
    java.lang.AssertionError at DataControllerTest.java:207

DataControllerTest > testGetVercelStatusSuccess() FAILED
    java.lang.AssertionError at DataControllerTest.java:108

DataControllerTest > testGetHealthCheckSuccess() FAILED
    java.lang.AssertionError at DataControllerTest.java:142

DataControllerTest > testGetGitHubDataNotFound() FAILED
    java.lang.AssertionError at DataControllerTest.java:94

DataControllerTest > testUnauthenticatedRequestRejected() FAILED
    java.lang.AssertionError at DataControllerTest.java:182

DataControllerTest > testGetFirebaseStatusSuccess() FAILED
    java.lang.AssertionError at DataControllerTest.java:128

DataControllerTest > testCacheClearSuccess() FAILED
    java.lang.AssertionError at DataControllerTest.java:173

WebhookControllerTest > testWebhookPushEventProcessing() FAILED
    java.lang.AssertionError at WebhookControllerTest.java:127

WebhookControllerTest > testWebhookStatsEndpoint() FAILED
    java.lang.AssertionError at WebhookControllerTest.java:198

WebhookControllerTest > testWebhookRejectedWithInvalidSignature() FAILED
    java.lang.AssertionError at WebhookControllerTest.java:91

WebhookControllerTest > testWebhookIssueEventProcessing() FAILED
    java.lang.AssertionError at WebhookControllerTest.java:164

WebhookControllerTest > testWebhookEmptyPayloadRejected() FAILED
    java.lang.AssertionError at WebhookControllerTest.java:212

WebhookControllerTest > testWebhookConcurrentDeliveries() FAILED
    java.lang.AssertionError at WebhookControllerTest.java:229

WebhookControllerTest > testWebhookReleaseEventProcessing() FAILED
    java.lang.AssertionError at WebhookControllerTest.java:187

WebhookControllerTest > testWebhookReceivedWithValidSignature() FAILED
    java.lang.AssertionError at WebhookControllerTest.java:77

WebhookControllerTest > testWebhookDeduplicationWindow() FAILED
    java.lang.AssertionError at WebhookControllerTest.java:246

WebhookControllerTest > testWebhookRejectedWithMissingSignature() FAILED
    java.lang.AssertionError at WebhookControllerTest.java:103

WebhookControllerTest > testWebhookPullRequestEventProcessing() FAILED
    java.lang.AssertionError at WebhookControllerTest.java:141

RestExceptionHandlerTest > testTimestampFormatInErrors() FAILED
    java.lang.AssertionError at RestExceptionHandlerTest.java:172
        Caused by: java.lang.IllegalArgumentException at RestExceptionHandlerTest.java:172

RestExceptionHandlerTest > testNotFoundExceptionHandling() FAILED
    java.lang.AssertionError at RestExceptionHandlerTest.java:29

RestExceptionHandlerTest > testErrorMessageContainsDetails() FAILED
    java.lang.AssertionError at RestExceptionHandlerTest.java:99

RestExceptionHandlerTest > testResponseFormatConsistency() FAILED
    java.lang.AssertionError at RestExceptionHandlerTest.java:161
        Caused by: java.lang.IllegalArgumentException at RestExceptionHandlerTest.java:161

RestExceptionHandlerTest > testInternalServerError() FAILED
    java.lang.AssertionError at RestExceptionHandlerTest.java:109

RestExceptionHandlerTest > testUnsupportedMediaTypeHandling() FAILED
    java.lang.AssertionError at RestExceptionHandlerTest.java:79

RestExceptionHandlerTest > testConflictHandling() FAILED
    java.lang.AssertionError at RestExceptionHandlerTest.java:124

RestExceptionHandlerTest > testMethodNotAllowedHandling() FAILED
    java.lang.AssertionError at RestExceptionHandlerTest.java:68

RestExceptionHandlerTest > testErrorResponseStructure() FAILED
    java.lang.AssertionError at RestExceptionHandlerTest.java:88
        Caused by: java.lang.IllegalArgumentException at RestExceptionHandlerTest.java:88

RestExceptionHandlerTest > testValidationErrorResponse() FAILED
    java.lang.AssertionError at RestExceptionHandlerTest.java:144

RestExceptionHandlerTest > testBadRequestExceptionHandling() FAILED
    java.lang.AssertionError at RestExceptionHandlerTest.java:40

RestExceptionHandlerTest > testUnauthorizedAccessHandling() FAILED
    java.lang.AssertionError at RestExceptionHandlerTest.java:49
        Caused by: java.lang.IllegalArgumentException at RestExceptionHandlerTest.java:49

AuthenticationFilterTest > testCaseInsensitiveBearer() FAILED
    org.mockito.exceptions.misusing.UnnecessaryStubbingException at MockitoExtension.java:192

AuthenticationFilterTest > testCacheClearRequiresAdminToken() FAILED
    org.mockito.exceptions.misusing.UnnecessaryStubbingException at MockitoExtension.java:192

AuthenticationFilterTest > testMultiplePathsWithCorrectTokens() FAILED
    org.mockito.exceptions.misusing.UnnecessaryStubbingException at MockitoExtension.java:192

AuthenticationFilterTest > testProtectedPathRejectsMissingToken() FAILED
    org.mockito.exceptions.verification.WantedButNotInvoked at AuthenticationFilterTest.java:99

AuthenticationFilterTest > testTokenWithExtraWhitespace() FAILED
    org.mockito.exceptions.verification.NeverWantedButInvoked at AuthenticationFilterTest.java:193

AuthenticationFilterTest > testEmptyBearerToken() FAILED
    org.mockito.exceptions.verification.WantedButNotInvoked at AuthenticationFilterTest.java:206

AuthenticationFilterTest > testProtectedPathRejectsInvalidToken() FAILED
    org.mockito.exceptions.verification.WantedButNotInvoked at AuthenticationFilterTest.java:113

AuthenticationFilterTest > testProtectedPathRequiresValidToken() FAILED
    org.mockito.exceptions.misusing.UnnecessaryStubbingException at MockitoExtension.java:192

AuthenticationFilterTest > testInvalidAuthorizationHeaderFormat() FAILED
    org.mockito.exceptions.verification.WantedButNotInvoked at AuthenticationFilterTest.java:127

AuthenticationFilterTest > testBasicAuthNotSupported() FAILED
    org.mockito.exceptions.verification.WantedButNotInvoked at AuthenticationFilterTest.java:140

AdminMessagePusherSimpleTest > testNullDataHandling() FAILED
    org.opentest4j.AssertionFailedError at AdminMessagePusherSimpleTest.java:105
        Caused by: java.lang.NullPointerException at AdminMessagePusherSimpleTest.java:106
